// Jest Snapshot v1, https://goo.gl/fbAQLP

exports[`snapshot test 1`] = `
<div
  className="flex flex-column w-80 mw8 vh-100 center pv4"
>
  <div
    className="flex flex-auto flex-column"
  >
    <div
      className="b tc"
    >
      Emoji Chatbot
    </div>
  </div>
  <div
    className="self-center"
  >
    <a
      href="https://github.com/joelgeorgev/emoji-chatbot"
    >
      <img
        alt="GitHub"
        src="github.svg"
      />
    </a>
  </div>
</div>
`;
